// Jest Snapshot v1, https://goo.gl/fbAQLP

exports[`prismic --help it should write usage instructions to stdout 1`] = `
"
[4m[1mSynopsis[22m[24m

  $ prismic <command> <domain> <options> 

[4m[1mExamples[22m[24m

  $ prismic init                          Create a project from an existing     
                                          prismic repository.                   
  $ prismic new                           Create a project with a new prismic   
                                          repository.                           
  $ prismic init foobar                   Create a project for the foobar       
                                          repository.                           
  $ prismic init foobar --folder          Create a NodeJS project, non-         
  ~/Desktop/myProject --template NodeJS   interactive.                          
  --noconfirm                                                                   
  $ prismic theme                         Create a project from a zip file with 
  https://github.com/prismicio/nodejs-    a new prismic repository.             
  sdk                                                                           
  $ prismic sm --setup                    Setup a nuxt.js project with          
                                          SliceMachine.                         

[4m[1mCommand List[22m[24m

  quickstart          Create a project: initialize a node.js quickstart project 
                      with a new prismic repository.                            
  init                Initialize a project: initialize the code from a template 
                      for an existing prismic repository.                       
  new                 Create a project: initialize the code for a new prismic   
                      repository.                                               
  theme               Create a project: initialize project from a theme with a  
                      new prismic repository.                                   
  login               Login to an existing prismic.io account.                  
  logout              Logout from an existing prismic.io account.               
  signup              Create a new prismic.io account.                          
  list                List the available code templates.                        
  slicemachine | sm   Run slicemachine                                          

[4m[1mOptions[22m[24m

  [1m--email[22m        The email of the account to use.                               
  [1m--password[22m     The password of the account to use.                            
  [1m--new[22m                                                                         
  [1m--users[22m                                                                       
  [1m--folder[22m       The folder to create the new project.                          
  [1m--template[22m     Project template to use (see the list command for available    
                 templates).                                                    
  [1m--theme-url[22m                                                                   
  [1m--conf[22m         Specify path to prismic configuration file. Used with \`theme\`  
                 command.                                                       
  [1m--version[22m                                                                     

"
`;
