// Jest Snapshot v1, https://goo.gl/fbAQLP

exports[`prismic sm --setup [ --no-prismic | --library | --lib | --local-path ] should setup an existing project for slicemachine from a theme 1`] = `
"~/Projects/prismic/prismic-cli/__tmp__/sm-ls ~/Projects/prismic/prismic-cli
[info] Found 10 slices across 2 libraries:

🥒 at vue-essential-slices:
  * AlternateGrid
  * CallToAction
  * CardsCarousel
  * CustomerLogos
  * FaqSection
  * FeatureTestimonials
  * ImagesSlider
  * PricingTable
  * TestimonialsSlider
  * VideoHighlights

[info] Something's missing?
Check paths in your configuration file!

"
`;

exports[`prismic sm --setup [ --no-prismic | --library | --lib | --local-path ] should setup an existing project for slicemachine from a theme 2`] = `""`;
